// Jest Snapshot v1, https://goo.gl/fbAQLP

exports[`Home should match with Home snapshot 1`] = `
<div>
  <section
    className="home"
  >
    <h2>
      Welcome to our page!
    </h2>
    <p>
      Lorem ipsum dolor, sit amet consectetur adipisicing elit. Eius ratione ex tempore error veniam voluptas consectetur ullam iste. Voluptatem accusamus harum numquam atque consectetur saepe architecto libero cum, totam dicta? Iste aspernatur rem quia. Voluptate iure magni minus animi assumenda. Ut laborum placeat nobis consequuntur qui ea ab assumenda voluptatem!Lorem ipsum dolor sit amet consectetur adipisicing elit. Quae qui ipsum magni impedit enim. Officiis iste saepe, ipsam minus veritatis architecto?
    </p>
    <p>
      Lorem ipsum dolor, sit amet consectetur adipisicing elit. Eius ratione ex tempore error veniam voluptas consectetur ullam iste. Voluptatem accusamus harum numquam atque consectetur saepe architecto libero cum, totam dicta? Iste aspernatur rem quia. Voluptate iure magni minus animi assumenda. Ut laborum placeat nobis consequuntur qui ea ab assumenda voluptatem!Lorem ipsum dolor sit amet consectetur adipisicing elit.
    </p>
  </section>
</div>
`;
